
=================================
Dap   1. Mon May 22 16:19:56 2023


Response variable: y

Treatment       Levels
--------        ------
treat           treat1 treat2
block           block1 block2 block3


=================================
Dap   2. Mon May 22 16:19:56 2023


Testing Ho: treat block treat*block
Number of observations = 16
H0 SS = 238.938, df = 5, MS = 47.7875
Error SS = 20, df = 10, MS = 2
R-sq = 0.922761
F0 = 23.8938
Prob[F > F0] = 0.00003

=================================
Dap   3. Mon May 22 16:19:56 2023


Testing Ho: treat
Number of observations = 16
H0 SS = 61.7143, df = 1, MS = 61.7143
Error SS = 20, df = 10, MS = 2
F0 = 30.8571
Prob[F > F0] = 0.00025

=================================
Dap   4. Mon May 22 16:19:56 2023


Least-squares means for: treat

LSD  method
Minimum significant differences are for level 0.05000

=================================
Dap   5. Mon May 22 16:19:56 2023


                            _stat_ for _lsm_ / treat
======================================================
|                          |23          |27          |
|--------+--------+--------|------------+------------|
|_type_  |_LSMEAN_|_treat  |treat1      |treat2      |
|========|========|========|============|============|
|EFFN    |0       |        |     7.71429|     7.71429|
|--------+--------+--------|------------+------------|
|LSMDIFF |23      |treat1  |            |           4|
|        |--------+--------|------------+------------|
|        |27      |treat2  |          -4|            |
|--------+--------+--------|------------+------------|
|MINDIFF |23      |treat1  |            |     1.60445|
|        |--------+--------|------------+------------|
|        |27      |treat2  |     1.60445|            |
|--------+--------+--------|------------+------------|
|PROB    |23      |treat1  |            | 0.000242431|
|        |--------+--------|------------+------------|
|        |27      |treat2  | 0.000242431|            |
------------------------------------------------------

=================================
Dap   6. Mon May 22 16:19:56 2023


Testing Ho: block
Number of observations = 16
H0 SS = 77.1692, df = 2, MS = 38.5846
Error SS = 20, df = 10, MS = 2
F0 = 19.2923
Prob[F > F0] = 0.00037

=================================
Dap   7. Mon May 22 16:19:56 2023


Least-squares means for: block

LSD  method
Minimum significant differences are for level 0.05000

=================================
Dap   8. Mon May 22 16:19:56 2023


                            _stat_ for _lsm_ / block
===================================================================
|                          |23          |24          |28          |
|--------+--------+--------|------------+------------+------------|
|_type_  |_LSMEAN_|_block  |block1      |block2      |block3      |
|========|========|========|============|============|============|
|EFFN    |0       |        |         4.8|         4.8|           6|
|--------+--------+--------|------------+------------+------------|
|LSMDIFF |23      |block1  |            |           1|           5|
|        |--------+--------|------------+------------+------------|
|        |24      |block2  |          -1|            |           4|
|        |--------+--------|------------+------------+------------|
|        |28      |block3  |          -5|          -4|            |
|--------+--------+--------|------------+------------+------------|
|MINDIFF |23      |block1  |            |     2.03401|     1.92963|
|        |--------+--------|------------+------------+------------|
|        |24      |block2  |     2.03401|            |     1.92963|
|        |--------+--------|------------+------------+------------|
|        |28      |block3  |     1.92963|     1.92963|            |
|--------+--------+--------|------------+------------+------------|
|PROB    |23      |block1  |            |    0.299003| 0.000179317|
|        |--------+--------|------------+------------+------------|
|        |24      |block2  |    0.299003|            | 0.000952328|
|        |--------+--------|------------+------------+------------|
|        |28      |block3  | 0.000179317| 0.000952328|            |
-------------------------------------------------------------------

=================================
Dap   9. Mon May 22 16:19:56 2023


Testing Ho: treat*block
Number of observations = 16
H0 SS = 71.6308, df = 2, MS = 35.8154
Error SS = 20, df = 10, MS = 2
F0 = 17.9077
Prob[F > F0] = 0.00050
