
=================================
Dap   1. Mon Jan 12 03:20:18 2004


Response variable: productivity

Treatment       Levels
--------        ------
machine         1 2 3
person          1 2 3 4 5 6


=================================
Dap   2. Mon Jan 12 03:20:18 2004


Testing Ho: machine person machine*person
Number of observations = 44
H0 SS = 3061.74, df = 17, MS = 180.103
Error SS = 22.6867, df = 26, MS = 0.872564
R-sq = 0.992645
F0 = 206.406
Prob[F > F0] = 0.00001

=================================
Dap   3. Mon Jan 12 03:20:18 2004


Testing Ho: machine
Number of observations = 44
H0 SS = 1238.2, df = 2, MS = 619.099
Error SS = 22.6867, df = 26, MS = 0.872564
F0 = 709.517
Prob[F > F0] = 0.00001

=================================
Dap   4. Mon Jan 12 03:20:18 2004


Testing Ho: person
Number of observations = 44
H0 SS = 1011.05, df = 5, MS = 202.211
Error SS = 22.6867, df = 26, MS = 0.872564
F0 = 231.743
Prob[F > F0] = 0.00001

=================================
Dap   5. Mon Jan 12 03:20:18 2004


Testing Ho: machine*person
Number of observations = 44
H0 SS = 404.315, df = 10, MS = 40.4315
Error SS = 22.6867, df = 26, MS = 0.872564
F0 = 46.3364
Prob[F > F0] = 0.00001

=================================
Dap   6. Mon Jan 12 03:20:19 2004


Testing Ho: person 
Denominator: machine * person  
EMS(machine*person) =
    2.31622 Var(machine*person)
    1 Var(Error)
EMS(person) =
    6.72245 Var(person)
    2.24082 Var(machine*person)
    1 Var(Error)
Error for person =
    0.0325538 MS(Error)
    0.967446 MS(machine*person)
Number of observations = 44
H0 SS = 1011.05, df = 5, MS = 202.211
Residual df = 10.0145, MS = 39.1437
F0 = 5.16586
Prob[F > F0] = 0.01334

=================================
Dap   7. Mon Jan 12 03:20:19 2004


Testing Ho: machine 
Denominator: machine * person 
EMS(machine*person) =
    2.31622 Var(machine*person)
    1 Var(Error)
EMS(machine) =
    12.8219 Var(machine)
    2.13699 Var(machine*person)
    1 Var(Error)
Error for machine =
    0.0773812 MS(Error)
    0.922619 MS(machine*person)
Number of observations = 44
H0 SS = 1238.2, df = 2, MS = 619.099
Residual df = 10.0362, MS = 37.3704
F0 = 16.5666
Prob[F > F0] = 0.00067

=================================
Dap   8. Mon Jan 12 03:20:19 2004


Least-squares means for: machine 

LSD  method
Minimum significant differences are for level 0.05000

=================================
Dap   9. Mon Jan 12 03:20:19 2004


                            _stat_ for _lsm_ / machine
===================================================================
|                          |52.3136     |60.022      |66.2722     |
|--------+--------+--------|------------+------------+------------|
|_type_  |_LSMEAN_|_machine|1           |2           |3           |
|========|========|========|============|============|============|
|EFFN    |0       |        |     11.4088|     12.8061|          18|
|--------+--------+--------|------------+------------+------------|
|LSMDIFF |52.3136 |1       |            |      7.7084|     13.9586|
|        |--------+--------|------------+------------+------------|
|        |60.022  |2       |     -7.7084|            |     6.25021|
|        |--------+--------|------------+------------+------------|
|        |66.2722 |3       |    -13.9586|    -6.25021|            |
|--------+--------+--------|------------+------------+------------|
|MINDIFF |52.3136 |1       |            |     5.54278|     5.15225|
|        |--------+--------|------------+------------+------------|
|        |60.022  |2       |     5.54278|            |     4.97724|
|        |--------+--------|------------+------------+------------|
|        |66.2722 |3       |     5.15225|     4.97724|            |
|--------+--------+--------|------------+------------+------------|
|PROB    |52.3136 |1       |            |   0.0112602| 0.000124789|
|        |--------+--------|------------+------------+------------|
|        |60.022  |2       |   0.0112602|            |   0.0188437|
|        |--------+--------|------------+------------+------------|
|        |66.2722 |3       | 0.000124789|   0.0188437|            |
-------------------------------------------------------------------
