
=================================
Dap   1. Mon Jan 12 03:20:16 2004


Response variable: productivity

Treatment       Levels
--------        ------
machine         1 2 3
person          1 2 3 4 5 6


=================================
Dap   2. Mon Jan 12 03:20:16 2004


Testing Ho: machine person machine*person
Number of observations = 54
H0 SS = 3423.69, df = 17, MS = 201.393
Error SS = 33.2867, df = 36, MS = 0.92463
R-sq = 0.990371
F0 = 217.81
Prob[F > F0] = 0.00001

=================================
Dap   3. Mon Jan 12 03:20:16 2004


Testing Ho: machine
Number of observations = 54
H0 SS = 1755.26, df = 2, MS = 877.632
Error SS = 33.2867, df = 36, MS = 0.92463
F0 = 949.171
Prob[F > F0] = 0.00001

=================================
Dap   4. Mon Jan 12 03:20:16 2004


Testing Ho: person
Number of observations = 54
H0 SS = 1241.89, df = 5, MS = 248.379
Error SS = 33.2867, df = 36, MS = 0.92463
F0 = 268.625
Prob[F > F0] = 0.00001

=================================
Dap   5. Mon Jan 12 03:20:16 2004


Testing Ho: machine*person
Number of observations = 54
H0 SS = 426.53, df = 10, MS = 42.653
Error SS = 33.2867, df = 36, MS = 0.92463
F0 = 46.1298
Prob[F > F0] = 0.00001

=================================
Dap   6. Mon Jan 12 03:20:16 2004


Testing Ho: person 
Denominator: machine * person  
EMS(machine*person) =
    3 Var(machine*person)
    1 Var(Error)
EMS(person) =
    9 Var(person)
    3 Var(machine*person)
    1 Var(Error)
Error for person =
    1 MS(machine*person)
Number of observations = 54
H0 SS = 1241.89, df = 5, MS = 248.379
Residual df = 10, MS = 42.653
F0 = 5.82325
Prob[F > F0] = 0.00895

=================================
Dap   7. Mon Jan 12 03:20:16 2004


Testing Ho: machine 
Denominator: machine * person 
EMS(machine*person) =
    3 Var(machine*person)
    1 Var(Error)
EMS(machine) =
    18 Var(machine)
    3 Var(machine*person)
    1 Var(Error)
Error for machine =
    1 MS(machine*person)
Number of observations = 54
H0 SS = 1755.26, df = 2, MS = 877.632
Residual df = 10, MS = 42.653
F0 = 20.5761
Prob[F > F0] = 0.00029

=================================
Dap   8. Mon Jan 12 03:20:16 2004


Least-squares means for: machine 

LSD  method
Minimum significant differences are for level 0.05000

=================================
Dap   9. Mon Jan 12 03:20:17 2004


                            _stat_ for _lsm_ / machine
===================================================================
|                          |52.3556     |60.3222     |66.2722     |
|--------+--------+--------|------------+------------+------------|
|_type_  |_LSMEAN_|_machine|1           |2           |3           |
|========|========|========|============|============|============|
|EFFN    |0       |        |          18|          18|          18|
|--------+--------+--------|------------+------------+------------|
|LSMDIFF |52.3556 |1       |            |     7.96667|     13.9167|
|        |--------+--------|------------+------------+------------|
|        |60.3222 |2       |    -7.96667|            |        5.95|
|        |--------+--------|------------+------------+------------|
|        |66.2722 |3       |    -13.9167|       -5.95|            |
|--------+--------+--------|------------+------------+------------|
|MINDIFF |52.3556 |1       |            |     4.85062|     4.85062|
|        |--------+--------|------------+------------+------------|
|        |60.3222 |2       |     4.85062|            |     4.85062|
|        |--------+--------|------------+------------+------------|
|        |66.2722 |3       |     4.85062|     4.85062|            |
|--------+--------+--------|------------+------------+------------|
|PROB    |52.3556 |1       |            |  0.00439263| 7.90648e-05|
|        |--------+--------|------------+------------+------------|
|        |60.3222 |2       |  0.00439263|            |   0.0210791|
|        |--------+--------|------------+------------+------------|
|        |66.2722 |3       | 7.90648e-05|   0.0210791|            |
-------------------------------------------------------------------
