
=================================
Dap   1. Tue Mar 18 15:16:14 2014


Response variable: efficiency

Treatment       Levels
--------        ------
plant           1 2 3
site            1 2 3 4
worker          1 2 3


=================================
Dap   2. Tue Mar 18 15:16:14 2014


Testing Ho: plant plant*site plant*worker plant*site*worker
Number of observations = 118
H0 SS = 10046.9, df = 35, MS = 287.054
Error SS = 408.617, df = 82, MS = 4.98313
R-sq = 0.960919
F0 = 57.6052
Prob[F > F0] = 0.00001

=================================
Dap   3. Tue Mar 18 15:16:14 2014


Testing Ho: plant
Number of observations = 118
H0 SS = 3866.33, df = 2, MS = 1933.16
Error SS = 408.617, df = 82, MS = 4.98313
F0 = 387.942
Prob[F > F0] = 0.00001

=================================
Dap   4. Tue Mar 18 15:16:14 2014


Testing Ho: plant*worker
Number of observations = 118
H0 SS = 1949.66, df = 6, MS = 324.943
Error SS = 408.617, df = 82, MS = 4.98313
F0 = 65.2085
Prob[F > F0] = 0.00001

=================================
Dap   5. Tue Mar 18 15:16:14 2014


Testing Ho: plant*site
Number of observations = 118
H0 SS = 610.302, df = 9, MS = 67.8114
Error SS = 408.617, df = 82, MS = 4.98313
F0 = 13.6082
Prob[F > F0] = 0.00001

=================================
Dap   6. Tue Mar 18 15:16:14 2014


Testing Ho: plant*site*worker
Number of observations = 118
H0 SS = 1921.29, df = 18, MS = 106.738
Error SS = 408.617, df = 82, MS = 4.98313
F0 = 21.4199
Prob[F > F0] = 0.00001

=================================
Dap   7. Tue Mar 18 15:16:14 2014


Testing Ho: site * plant 
Denominator: site * worker * plant  
EMS(plant*site*worker) =
    2.85695 Var(plant*site*worker)
    1 Var(Error)
EMS(plant*site) =
    8.0468 Var(plant*site)
    2.68227 Var(plant*site*worker)
    1 Var(Error)
Error for plant*site =
    0.0611422 MS(Error)
    0.938858 MS(plant*site*worker)
Number of observations = 118
H0 SS = 610.302, df = 9, MS = 67.8114
Residual df = 18.1096, MS = 100.517
F0 = 0.674628
Prob[F > F0] = 0.72173

=================================
Dap   8. Tue Mar 18 15:16:14 2014


Response variable: efficiency

Treatment       Levels
--------        ------
plant           1 2 3
site            1 2 3 4
worker          1 2 3


=================================
Dap   9. Tue Mar 18 15:16:14 2014


Testing Ho: plant plant*worker plant*site*worker
Number of observations = 118
H0 SS = 10046.9, df = 35, MS = 287.054
Error SS = 408.617, df = 82, MS = 4.98313
R-sq = 0.960919
F0 = 57.6052
Prob[F > F0] = 0.00001

=================================
Dap  10. Tue Mar 18 15:16:14 2014


Testing Ho: plant
Number of observations = 118
H0 SS = 3866.33, df = 2, MS = 1933.16
Error SS = 408.617, df = 82, MS = 4.98313
F0 = 387.942
Prob[F > F0] = 0.00001

=================================
Dap  11. Tue Mar 18 15:16:14 2014


Testing Ho: plant*worker
Number of observations = 118
H0 SS = 1949.66, df = 6, MS = 324.943
Error SS = 408.617, df = 82, MS = 4.98313
F0 = 65.2085
Prob[F > F0] = 0.00001

=================================
Dap  12. Tue Mar 18 15:16:14 2014


Testing Ho: site*worker*plant
Number of observations = 118
H0 SS = 2677.73, df = 27, MS = 99.1752
Error SS = 408.617, df = 82, MS = 4.98313
F0 = 19.9022
Prob[F > F0] = 0.00001

=================================
Dap  13. Tue Mar 18 15:16:14 2014


Testing Ho: worker * plant 
Denominator: site * worker * plant  
EMS(plant*site*worker) =
    3.06428 Var(plant*site*worker)
    1 Var(Error)
EMS(plant*worker) =
    9.45329 Var(plant*worker)
    2.36332 Var(plant*site*worker)
    1 Var(Error)
Error for plant*worker =
    0.22875 MS(Error)
    0.77125 MS(plant*site*worker)
Number of observations = 118
H0 SS = 1949.66, df = 6, MS = 324.943
Residual df = 27.8087, MS = 77.6288
F0 = 4.18585
Prob[F > F0] = 0.00403

=================================
Dap  14. Tue Mar 18 15:16:14 2014


Testing Ho: plant 
Denominator: worker * plant site * worker * plant  
EMS(plant*worker) =
    9.45329 Var(plant*worker)
    2.36332 Var(plant*site*worker)
    1 Var(Error)
EMS(plant*site*worker) =
    3.06428 Var(plant*site*worker)
    1 Var(Error)
EMS(plant) =
    27.598 Var(plant)
    9.19933 Var(plant*worker)
    2.29983 Var(plant*site*worker)
    1 Var(Error)
Error for plant =
    0.0268648 MS(Error)
    0.973135 MS(plant*worker)
Number of observations = 118
H0 SS = 3866.33, df = 2, MS = 1933.16
Residual df = 6.00508, MS = 316.347
F0 = 6.1109
Prob[F > F0] = 0.03567
