
=================================
Dap   1. Mon Jan 12 03:20:24 2004


Cochran-Mantel-Haenszel test for delay x response, stratified by penicillin
M0-squared = 3.92857, Prob[M-squared > M0-squared] = 0.0475

=================================
Dap   2. Mon Jan 12 03:20:24 2004


For: penicillin = 0.125

          _cell_ for response
====================================
|delay   |cured       |died        |
|========|============|============|
|1.5h    |           0|           5|
|--------|------------+------------|
|none    |           0|           6|
------------------------------------

=================================
Dap   3. Mon Jan 12 03:20:24 2004


For: penicillin = 0.250

          _cell_ for response
====================================
|delay   |cured       |died        |
|========|============|============|
|1.5h    |           0|           6|
|--------|------------+------------|
|none    |           3|           3|
------------------------------------

=================================
Dap   4. Mon Jan 12 03:20:24 2004


For: penicillin = 0.500

          _cell_ for response
====================================
|delay   |cured       |died        |
|========|============|============|
|1.5h    |           2|           4|
|--------|------------+------------|
|none    |           6|           0|
------------------------------------

=================================
Dap   5. Mon Jan 12 03:20:24 2004


For: penicillin = 1.000

          _cell_ for response
====================================
|delay   |cured       |died        |
|========|============|============|
|1.5h    |           6|           0|
|--------|------------+------------|
|none    |           5|           1|
------------------------------------

=================================
Dap   6. Mon Jan 12 03:20:24 2004


For: penicillin = 4.000

          _cell_ for response
====================================
|delay   |cured       |died        |
|========|============|============|
|1.5h    |           5|           0|
|--------|------------+------------|
|none    |           2|           0|
------------------------------------
