
=================================
Dap   1. Mon May 23 08:29:46 2005


Maximum likelihood estimation

Cell count: count
Class and aux variables: income jobsat

Statistic              df      Prob
G2[Model]   =   2.39    8    0.9669
G2[Reduced] =  12.04    9    0.2113
G2[Diff]    =   9.65    1    0.0019
X2[Model]   =   2.33    8    0.9693

    Estimate          ASE  Model  Parameter
     3.47292     0.102512    *    mu
    0.294928     0.132411    *    <6
    0.396336      0.06927    *    6-15
  -0.0581172     0.068397    *    15-25
   -0.805298     0.118785    *    VeryDis
   -0.385834    0.0853789    *    LittleDis
    0.548591    0.0620011    *    ModSat
     0.11199    0.0364075    ?    Inc*Sat


=================================
Dap   2. Mon May 23 08:29:47 2005


          count for _type_ / jobsat
==================================================================
|        |FIT                        |OBS                        |
|--------|------+------+------+------+------+------+------+------|
|income  |0     |1     |2     |3     |0     |1     |2     |3     |
|========|======|======|======|======|======|======|======|======|
|0       | 19.35| 29.43| 74.93| 82.30| 20.00| 24.00| 80.00| 82.00|
|--------|------+------+------+------+------+------+------+------|
|1       | 21.41| 36.43|103.73|127.43| 22.00| 38.00|104.00|125.00|
|--------|------+------+------+------+------+------+------+------|
|2       | 13.59| 25.86| 82.37|113.18| 13.00| 28.00| 81.00|113.00|
|--------|------+------+------+------+------+------+------+------|
|3       |  7.65| 16.28| 57.98| 89.10|  7.00| 18.00| 54.00| 92.00|
------------------------------------------------------------------
