
=================================
Dap   1. Mon Jan 12 03:20:25 2004


Variable: Levels
----------------
income: 00-06 06-15 15-25 25-
jobsat: 1verydis 2littledis 3modsat 4verysat

Chisq0[9] = 11.9886, Prob[Chisq > Chisq0] = 0.21396
Statistic          Value   ASE
Gamma              0.127  0.041
Kendall's Tau-b    0.088  0.028
Somers' D C|R      0.082  0.026
Somers' D R|C      0.094  0.030

=================================
Dap   2. Mon Jan 12 03:20:25 2004


                   _cell_ for jobsat
=======================================================================
|income  |_type_  |1verydis    |2littledis  |3modsat     |4verysat    |
|========|========|============|============|============|============|
|00-06   |COUNT   |          20|          24|          80|          82|
|        |--------|------------+------------+------------+------------|
|        |EXPECTED|     14.1754|     24.6926|     72.9345|     94.1976|
|--------+--------|------------+------------+------------+------------|
|06-15   |COUNT   |          22|          38|         104|         125|
|        |--------|------------+------------+------------+------------|
|        |EXPECTED|     19.8868|     34.6415|     102.321|     132.151|
|--------+--------|------------+------------+------------+------------|
|15-25   |COUNT   |          13|          28|          81|         113|
|        |--------|------------+------------+------------+------------|
|        |EXPECTED|     16.1709|     28.1687|      83.202|     107.458|
|--------+--------|------------+------------+------------+------------|
|25-     |COUNT   |           7|          18|          54|          92|
|        |--------|------------+------------+------------+------------|
|        |EXPECTED|     11.7669|     20.4972|     60.5427|     78.1931|
-----------------------------------------------------------------------
