
=================================
Dap   1. Mon Jan 12 03:20:29 2004


Response variable: error

Treatment       Levels
--------        ------
sampler         A B C D E F
area            1 2 3 4 5 6
order           6 5 1 2 4 3


=================================
Dap   2. Mon Jan 12 03:20:34 2004


Testing Ho: sampler area order
Denominator: sampler*area*order
Number of observations = 36
H0 SS = 263.064, df = 15, MS = 17.5376
Residual SS = 66.5633, df = 20, MS = 3.32817
R-sq = 0.798065
F0 = 5.26945
Prob[F > F0] = 0.00039

=================================
Dap   3. Mon Jan 12 03:20:34 2004


Testing Ho: sampler
Denominator: sampler*area*order
Number of observations = 36
H0 SS = 155.596, df = 5, MS = 31.1192
Residual SS = 66.5633, df = 20, MS = 3.32817
F0 = 9.35024
Prob[F > F0] = 0.00011

=================================
Dap   4. Mon Jan 12 03:20:34 2004


Least-squares means for: sampler

LSD  method
Minimum significant differences are for level 0.05000

=================================
Dap   5. Mon Jan 12 03:20:35 2004


                            _stat_ for _lsm_ / sampler
==========================================================================================================
|                          |1.2         |2.66667     |5.58333     |6.06667     |6.11667     |6.91667     |
|--------+--------+--------|------------+------------+------------+------------+------------+------------|
|_type_  |_LSMEAN_|_sampler|F           |E           |B           |A           |C           |D           |
|========|========|========|============|============|============|============|============|============|
|EFFN    |0       |        |           6|           6|           6|           6|           6|           6|
|--------+--------+--------|------------+------------+------------+------------+------------+------------|
|LSMDIFF |1.2     |F       |            |     1.46667|     4.38333|     4.86667|     4.91667|     5.71667|
|        |--------+--------|------------+------------+------------+------------+------------+------------|
|        |2.66667 |E       |    -1.46667|            |     2.91667|         3.4|        3.45|        4.25|
|        |--------+--------|------------+------------+------------+------------+------------+------------|
|        |5.58333 |B       |    -4.38333|    -2.91667|            |    0.483333|    0.533333|     1.33333|
|        |--------+--------|------------+------------+------------+------------+------------+------------|
|        |6.06667 |A       |    -4.86667|        -3.4|   -0.483333|            |        0.05|        0.85|
|        |--------+--------|------------+------------+------------+------------+------------+------------|
|        |6.11667 |C       |    -4.91667|       -3.45|   -0.533333|       -0.05|            |         0.8|
|        |--------+--------|------------+------------+------------+------------+------------+------------|
|        |6.91667 |D       |    -5.71667|       -4.25|    -1.33333|       -0.85|        -0.8|            |
|--------+--------+--------|------------+------------+------------+------------+------------+------------|
|MINDIFF |1.2     |F       |            |     2.19708|     2.19708|     2.19708|     2.19708|     2.19708|
|        |--------+--------|------------+------------+------------+------------+------------+------------|
|        |2.66667 |E       |     2.19708|            |     2.19708|     2.19708|     2.19708|     2.19708|
|        |--------+--------|------------+------------+------------+------------+------------+------------|
|        |5.58333 |B       |     2.19708|     2.19708|            |     2.19708|     2.19708|     2.19708|
|        |--------+--------|------------+------------+------------+------------+------------+------------|
|        |6.06667 |A       |     2.19708|     2.19708|     2.19708|            |     2.19708|     2.19708|
|        |--------+--------|------------+------------+------------+------------+------------+------------|
|        |6.11667 |C       |     2.19708|     2.19708|     2.19708|     2.19708|            |     2.19708|
|        |--------+--------|------------+------------+------------+------------+------------+------------|
|        |6.91667 |D       |     2.19708|     2.19708|     2.19708|     2.19708|     2.19708|            |
|--------+--------+--------|------------+------------+------------+------------+------------+------------|
|PROB    |1.2     |F       |            |    0.179066| 0.000482096| 0.000165276| 0.000148021| 2.59349e-05|
|        |--------+--------|------------+------------+------------+------------+------------+------------|
|        |2.66667 |E       |    0.179066|            |   0.0118367|   0.0042174|  0.00378313|  0.00064819|
|        |--------+--------|------------+------------+------------+------------+------------+------------|
|        |5.58333 |B       | 0.000482096|   0.0118367|            |    0.651264|    0.618142|    0.220099|
|        |--------+--------|------------+------------+------------+------------+------------+------------|
|        |6.06667 |A       | 0.000165276|   0.0042174|    0.651264|            |    0.962609|    0.429156|
|        |--------+--------|------------+------------+------------+------------+------------+------------|
|        |6.11667 |C       | 0.000148021|  0.00378313|    0.618142|    0.962609|            |    0.456392|
|        |--------+--------|------------+------------+------------+------------+------------+------------|
|        |6.91667 |D       | 2.59349e-05|  0.00064819|    0.220099|    0.429156|    0.456392|            |
----------------------------------------------------------------------------------------------------------

=================================
Dap   6. Mon Jan 12 03:20:35 2004


Testing Ho: area
Denominator: sampler*area*order
Number of observations = 36
H0 SS = 78.8692, df = 5, MS = 15.7738
Residual SS = 66.5633, df = 20, MS = 3.32817
F0 = 4.7395
Prob[F > F0] = 0.00512

=================================
Dap   7. Mon Jan 12 03:20:35 2004


Testing Ho: order
Denominator: sampler*area*order
Number of observations = 36
H0 SS = 28.5992, df = 5, MS = 5.71983
Residual SS = 66.5633, df = 20, MS = 3.32817
F0 = 1.71861
Prob[F > F0] = 0.17635
