
=================================
Dap   1. Mon Jan 12 03:20:39 2004

Correlations

                   _corr_ for _var2_
====================================================================================
|_var1_  |_type_  |x1          |x2          |x3          |x4          |y           |
|========|========|============|============|============|============|============|
|x1      |CORR    |           1|    0.971236|   -0.668403|    0.651995|    0.740306|
|        |--------|------------+------------+------------+------------+------------|
|        |N       |          10|          10|          10|          10|          10|
|        |--------|------------+------------+------------+------------+------------|
|        |PCORR   |           0| 2.89253e-06|    0.034618|   0.0410635|   0.0143438|
|--------+--------|------------+------------+------------+------------+------------|
|x2      |CORR    |    0.971236|           1|    -0.59782|    0.526844|    0.627619|
|        |--------|------------+------------+------------+------------+------------|
|        |N       |          10|          10|          10|          10|          10|
|        |--------|------------+------------+------------+------------+------------|
|        |PCORR   | 2.89253e-06|           0|   0.0679458|    0.117662|   0.0520562|
|--------+--------|------------+------------+------------+------------+------------|
|x3      |CORR    |   -0.668403|    -0.59782|           1|    -0.84101|   -0.780072|
|        |--------|------------+------------+------------+------------+------------|
|        |N       |          10|          10|          10|          10|          10|
|        |--------|------------+------------+------------+------------+------------|
|        |PCORR   |    0.034618|   0.0679458|           0|  0.00229667|  0.00777379|
|--------+--------|------------+------------+------------+------------+------------|
|x4      |CORR    |    0.651995|    0.526844|    -0.84101|           1|    0.977603|
|        |--------|------------+------------+------------+------------+------------|
|        |N       |          10|          10|          10|          10|          10|
|        |--------|------------+------------+------------+------------+------------|
|        |PCORR   |   0.0410635|    0.117662|  0.00229667|           0| 1.07154e-06|
|--------+--------|------------+------------+------------+------------+------------|
|y       |CORR    |    0.740306|    0.627619|   -0.780072|    0.977603|           1|
|        |--------|------------+------------+------------+------------+------------|
|        |N       |          10|          10|          10|          10|          10|
|        |--------|------------+------------+------------+------------+------------|
|        |PCORR   |   0.0143438|   0.0520562|  0.00777379| 1.07154e-06|           0|
------------------------------------------------------------------------------------

=================================
Dap   2. Mon Jan 12 03:20:39 2004

Model building

Reduced | full model regressors: _intercept_ | x4
Number of observations = 10

Response: y
   F0(1, 8) = 172.619, Prob[F > F0] = 0.00001
   R-sq = 0.955708, Adj R-sq = 0.950171

   Parameter           Estimate    Std Error   T0[     8]  Prob[|T|>|T0|]
   _intercept_          21.8042      2.83157      7.70041         0.00006
   x4                   1.02579    0.0780755      13.1384         0.00001

=================================
Dap   3. Mon Jan 12 03:20:39 2004

Model building

Reduced | full model regressors: _intercept_ x4 | x1
Number of observations = 10

Response: y
   F0(2, 7) = 131.793, Prob[F > F0] = 0.00001
   R-sq = 0.97413, Adj R-sq = 0.966739
   F-change(1, 7) = 4.98488, Prob[F > F-change] = 0.06073

   Parameter           Estimate    Std Error   T0[     7]  Prob[|T|>|T0|]
   _intercept_          12.9449      4.59315      2.81831         0.02584
   x4                  0.903324     0.084129      10.7374         0.00002
   x1                   1.88521     0.844369      2.23268         0.06073

=================================
Dap   4. Mon Jan 12 03:20:39 2004

Model building

Reduced | full model regressors: _intercept_ x4 x1 | x3
Number of observations = 10

Response: y
   F0(3, 6) = 183.912, Prob[F > F0] = 0.00001
   R-sq = 0.989242, Adj R-sq = 0.983863
   F-change(1, 6) = 8.42848, Prob[F > F-change] = 0.02723

   Parameter           Estimate    Std Error   T0[     6]  Prob[|T|>|T0|]
   _intercept_          2.55427      4.80051     0.532084         0.61379
   x4                   1.07907    0.0842512      12.8078         0.00002
   x1                   2.40786     0.615063      3.91482         0.00785
   x3                  0.936516     0.322582      2.90318         0.02723

=================================
Dap   5. Mon Jan 12 03:20:39 2004

Model building

Reduced | full model regressors: _intercept_ x4 x1 x3 | x2
Number of observations = 10

Response: y
   F0(4, 5) = 126.46, Prob[F > F0] = 0.00004
   R-sq = 0.990212, Adj R-sq = 0.982382
   F-change(1, 5) = 0.495515, Prob[F > F-change] = 0.51290

   Parameter           Estimate    Std Error   T0[     5]  Prob[|T|>|T0|]
   _intercept_          2.80985      5.02914     0.558715         0.60046
   x4                   1.12232     0.107355      10.4543         0.00014
   x1                  0.523737      2.75266     0.190266         0.85659
   x3                  0.994528     0.346992      2.86614         0.03516
   x2                  0.775412      1.10155     0.703928         0.51290
